// Jest Snapshot v1, https://goo.gl/fbAQLP

exports[`Link changes the class when hovered 1`] = `
<div
  className="sc-bdVaJa byrdwB"
>
  <h1
    className="sc-bwzfXH jWCxdT"
  >
    Good 
    No message passed
    !
  </h1>
  <p
    className="sc-htpNat eSckKf"
  >
    Welcome to
  </p>
  <div>
    <img
      alt=""
      src="./assets/images/contempo.png"
      style={
        Object {
          "width": "100%",
        }
      }
    />
  </div>
</div>
`;
