// Jest Snapshot v1, https://goo.gl/fbAQLP

exports[`Navigation existence 1`] = `
<nav
  className="sc-bdVaJa hgLOpN"
>
  <a
    className="sc-bwzfXH etlpSL"
    href="/"
    onClick={[Function]}
  >
    Home
  </a>
   | 
  <a
    className="sc-bwzfXH etlpSL"
    href="/style"
    onClick={[Function]}
  >
    Styleguide
  </a>
</nav>
`;
